// Jest Snapshot v1, https://goo.gl/fbAQLP

exports[`SignUpPage should match Snapshot 1`] = `
ShallowWrapper {
  Symbol(enzyme.__root__): [Circular],
  Symbol(enzyme.__unrendered__): <SignUpPage
    history={
        Object {
            "push": [Function],
          }
    }
    signUpThunk={[Function]}
/>,
  Symbol(enzyme.__renderer__): Object {
    "batchedUpdates": [Function],
    "getNode": [Function],
    "render": [Function],
    "simulateError": [Function],
    "simulateEvent": [Function],
    "unmount": [Function],
  },
  Symbol(enzyme.__node__): Object {
    "instance": null,
    "key": undefined,
    "nodeType": "host",
    "props": Object {
      "children": <div
        className="container"
>
        <form
                className="form"
                onSubmit={[Function]}
        >
                <p
                        className="title"
                >
                        Sign Up
                </p>
                <div
                        className="input-container"
                >
                        <input
                                className="input"
                                name="username"
                                onChange={[Function]}
                                placeholder="Full Name"
                                type="text"
                                value=""
                        />
                        <button
                                className="delete-button"
                                name="username"
                                onClick={[Function]}
                        />
                </div>
                <div
                        className="input-container"
                >
                        <input
                                className="input"
                                name="email"
                                onChange={[Function]}
                                placeholder="Email Address"
                                type="email"
                                value=""
                        />
                        <button
                                className="delete-button"
                                name="email"
                                onClick={[Function]}
                        />
                </div>
                <div
                        className="input-container"
                >
                        <input
                                className="input"
                                name="passwordOne"
                                onChange={[Function]}
                                placeholder="Password"
                                type="password"
                                value=""
                        />
                        <button
                                className="delete-button"
                                name="paswordOne"
                                onClick={[Function]}
                        />
                </div>
                <div
                        className="input-container last-input-container"
                >
                        <input
                                className="input"
                                name="passwordTwo"
                                onChange={[Function]}
                                placeholder="Confirm Password"
                                type="password"
                                value=""
                        />
                        <button
                                className="delete-button"
                                name="passwordTwo"
                                onClick={[Function]}
                        />
                </div>
                <button
                        className="button"
                        disabled={true}
                        type="submit"
                >
                        Sign Up
                </button>
        </form>
        <Unknown />
</div>,
      "className": "page",
    },
    "ref": null,
    "rendered": Object {
      "instance": null,
      "key": undefined,
      "nodeType": "host",
      "props": Object {
        "children": Array [
          <form
            className="form"
            onSubmit={[Function]}
>
            <p
                        className="title"
            >
                        Sign Up
            </p>
            <div
                        className="input-container"
            >
                        <input
                                    className="input"
                                    name="username"
                                    onChange={[Function]}
                                    placeholder="Full Name"
                                    type="text"
                                    value=""
                        />
                        <button
                                    className="delete-button"
                                    name="username"
                                    onClick={[Function]}
                        />
            </div>
            <div
                        className="input-container"
            >
                        <input
                                    className="input"
                                    name="email"
                                    onChange={[Function]}
                                    placeholder="Email Address"
                                    type="email"
                                    value=""
                        />
                        <button
                                    className="delete-button"
                                    name="email"
                                    onClick={[Function]}
                        />
            </div>
            <div
                        className="input-container"
            >
                        <input
                                    className="input"
                                    name="passwordOne"
                                    onChange={[Function]}
                                    placeholder="Password"
                                    type="password"
                                    value=""
                        />
                        <button
                                    className="delete-button"
                                    name="paswordOne"
                                    onClick={[Function]}
                        />
            </div>
            <div
                        className="input-container last-input-container"
            >
                        <input
                                    className="input"
                                    name="passwordTwo"
                                    onChange={[Function]}
                                    placeholder="Confirm Password"
                                    type="password"
                                    value=""
                        />
                        <button
                                    className="delete-button"
                                    name="passwordTwo"
                                    onClick={[Function]}
                        />
            </div>
            <button
                        className="button"
                        disabled={true}
                        type="submit"
            >
                        Sign Up
            </button>
</form>,
          <Unknown />,
        ],
        "className": "container",
      },
      "ref": null,
      "rendered": Array [
        Object {
          "instance": null,
          "key": undefined,
          "nodeType": "host",
          "props": Object {
            "children": Array [
              <p
                className="title"
>
                Sign Up
</p>,
              <div
                className="input-container"
>
                <input
                                className="input"
                                name="username"
                                onChange={[Function]}
                                placeholder="Full Name"
                                type="text"
                                value=""
                />
                <button
                                className="delete-button"
                                name="username"
                                onClick={[Function]}
                />
</div>,
              <div
                className="input-container"
>
                <input
                                className="input"
                                name="email"
                                onChange={[Function]}
                                placeholder="Email Address"
                                type="email"
                                value=""
                />
                <button
                                className="delete-button"
                                name="email"
                                onClick={[Function]}
                />
</div>,
              <div
                className="input-container"
>
                <input
                                className="input"
                                name="passwordOne"
                                onChange={[Function]}
                                placeholder="Password"
                                type="password"
                                value=""
                />
                <button
                                className="delete-button"
                                name="paswordOne"
                                onClick={[Function]}
                />
</div>,
              <div
                className="input-container last-input-container"
>
                <input
                                className="input"
                                name="passwordTwo"
                                onChange={[Function]}
                                placeholder="Confirm Password"
                                type="password"
                                value=""
                />
                <button
                                className="delete-button"
                                name="passwordTwo"
                                onClick={[Function]}
                />
</div>,
              <button
                className="button"
                disabled={true}
                type="submit"
>
                Sign Up
</button>,
              null,
            ],
            "className": "form",
            "onSubmit": [Function],
          },
          "ref": null,
          "rendered": Array [
            Object {
              "instance": null,
              "key": undefined,
              "nodeType": "host",
              "props": Object {
                "children": "Sign Up",
                "className": "title",
              },
              "ref": null,
              "rendered": "Sign Up",
              "type": "p",
            },
            Object {
              "instance": null,
              "key": undefined,
              "nodeType": "host",
              "props": Object {
                "children": Array [
                  <input
                    className="input"
                    name="username"
                    onChange={[Function]}
                    placeholder="Full Name"
                    type="text"
                    value=""
/>,
                  <button
                    className="delete-button"
                    name="username"
                    onClick={[Function]}
/>,
                ],
                "className": "input-container",
              },
              "ref": null,
              "rendered": Array [
                Object {
                  "instance": null,
                  "key": undefined,
                  "nodeType": "host",
                  "props": Object {
                    "className": "input",
                    "name": "username",
                    "onChange": [Function],
                    "placeholder": "Full Name",
                    "type": "text",
                    "value": "",
                  },
                  "ref": null,
                  "rendered": null,
                  "type": "input",
                },
                Object {
                  "instance": null,
                  "key": undefined,
                  "nodeType": "host",
                  "props": Object {
                    "className": "delete-button",
                    "name": "username",
                    "onClick": [Function],
                  },
                  "ref": null,
                  "rendered": null,
                  "type": "button",
                },
              ],
              "type": "div",
            },
            Object {
              "instance": null,
              "key": undefined,
              "nodeType": "host",
              "props": Object {
                "children": Array [
                  <input
                    className="input"
                    name="email"
                    onChange={[Function]}
                    placeholder="Email Address"
                    type="email"
                    value=""
/>,
                  <button
                    className="delete-button"
                    name="email"
                    onClick={[Function]}
/>,
                ],
                "className": "input-container",
              },
              "ref": null,
              "rendered": Array [
                Object {
                  "instance": null,
                  "key": undefined,
                  "nodeType": "host",
                  "props": Object {
                    "className": "input",
                    "name": "email",
                    "onChange": [Function],
                    "placeholder": "Email Address",
                    "type": "email",
                    "value": "",
                  },
                  "ref": null,
                  "rendered": null,
                  "type": "input",
                },
                Object {
                  "instance": null,
                  "key": undefined,
                  "nodeType": "host",
                  "props": Object {
                    "className": "delete-button",
                    "name": "email",
                    "onClick": [Function],
                  },
                  "ref": null,
                  "rendered": null,
                  "type": "button",
                },
              ],
              "type": "div",
            },
            Object {
              "instance": null,
              "key": undefined,
              "nodeType": "host",
              "props": Object {
                "children": Array [
                  <input
                    className="input"
                    name="passwordOne"
                    onChange={[Function]}
                    placeholder="Password"
                    type="password"
                    value=""
/>,
                  <button
                    className="delete-button"
                    name="paswordOne"
                    onClick={[Function]}
/>,
                ],
                "className": "input-container",
              },
              "ref": null,
              "rendered": Array [
                Object {
                  "instance": null,
                  "key": undefined,
                  "nodeType": "host",
                  "props": Object {
                    "className": "input",
                    "name": "passwordOne",
                    "onChange": [Function],
                    "placeholder": "Password",
                    "type": "password",
                    "value": "",
                  },
                  "ref": null,
                  "rendered": null,
                  "type": "input",
                },
                Object {
                  "instance": null,
                  "key": undefined,
                  "nodeType": "host",
                  "props": Object {
                    "className": "delete-button",
                    "name": "paswordOne",
                    "onClick": [Function],
                  },
                  "ref": null,
                  "rendered": null,
                  "type": "button",
                },
              ],
              "type": "div",
            },
            Object {
              "instance": null,
              "key": undefined,
              "nodeType": "host",
              "props": Object {
                "children": Array [
                  <input
                    className="input"
                    name="passwordTwo"
                    onChange={[Function]}
                    placeholder="Confirm Password"
                    type="password"
                    value=""
/>,
                  <button
                    className="delete-button"
                    name="passwordTwo"
                    onClick={[Function]}
/>,
                ],
                "className": "input-container last-input-container",
              },
              "ref": null,
              "rendered": Array [
                Object {
                  "instance": null,
                  "key": undefined,
                  "nodeType": "host",
                  "props": Object {
                    "className": "input",
                    "name": "passwordTwo",
                    "onChange": [Function],
                    "placeholder": "Confirm Password",
                    "type": "password",
                    "value": "",
                  },
                  "ref": null,
                  "rendered": null,
                  "type": "input",
                },
                Object {
                  "instance": null,
                  "key": undefined,
                  "nodeType": "host",
                  "props": Object {
                    "className": "delete-button",
                    "name": "passwordTwo",
                    "onClick": [Function],
                  },
                  "ref": null,
                  "rendered": null,
                  "type": "button",
                },
              ],
              "type": "div",
            },
            Object {
              "instance": null,
              "key": undefined,
              "nodeType": "host",
              "props": Object {
                "children": "Sign Up",
                "className": "button",
                "disabled": true,
                "type": "submit",
              },
              "ref": null,
              "rendered": "Sign Up",
              "type": "button",
            },
            null,
          ],
          "type": "form",
        },
        Object {
          "instance": null,
          "key": undefined,
          "nodeType": "function",
          "props": Object {},
          "ref": null,
          "rendered": null,
          "type": [Function],
        },
      ],
      "type": "div",
    },
    "type": "div",
  },
  Symbol(enzyme.__nodes__): Array [
    Object {
      "instance": null,
      "key": undefined,
      "nodeType": "host",
      "props": Object {
        "children": <div
          className="container"
>
          <form
                    className="form"
                    onSubmit={[Function]}
          >
                    <p
                              className="title"
                    >
                              Sign Up
                    </p>
                    <div
                              className="input-container"
                    >
                              <input
                                        className="input"
                                        name="username"
                                        onChange={[Function]}
                                        placeholder="Full Name"
                                        type="text"
                                        value=""
                              />
                              <button
                                        className="delete-button"
                                        name="username"
                                        onClick={[Function]}
                              />
                    </div>
                    <div
                              className="input-container"
                    >
                              <input
                                        className="input"
                                        name="email"
                                        onChange={[Function]}
                                        placeholder="Email Address"
                                        type="email"
                                        value=""
                              />
                              <button
                                        className="delete-button"
                                        name="email"
                                        onClick={[Function]}
                              />
                    </div>
                    <div
                              className="input-container"
                    >
                              <input
                                        className="input"
                                        name="passwordOne"
                                        onChange={[Function]}
                                        placeholder="Password"
                                        type="password"
                                        value=""
                              />
                              <button
                                        className="delete-button"
                                        name="paswordOne"
                                        onClick={[Function]}
                              />
                    </div>
                    <div
                              className="input-container last-input-container"
                    >
                              <input
                                        className="input"
                                        name="passwordTwo"
                                        onChange={[Function]}
                                        placeholder="Confirm Password"
                                        type="password"
                                        value=""
                              />
                              <button
                                        className="delete-button"
                                        name="passwordTwo"
                                        onClick={[Function]}
                              />
                    </div>
                    <button
                              className="button"
                              disabled={true}
                              type="submit"
                    >
                              Sign Up
                    </button>
          </form>
          <Unknown />
</div>,
        "className": "page",
      },
      "ref": null,
      "rendered": Object {
        "instance": null,
        "key": undefined,
        "nodeType": "host",
        "props": Object {
          "children": Array [
            <form
              className="form"
              onSubmit={[Function]}
>
              <p
                            className="title"
              >
                            Sign Up
              </p>
              <div
                            className="input-container"
              >
                            <input
                                          className="input"
                                          name="username"
                                          onChange={[Function]}
                                          placeholder="Full Name"
                                          type="text"
                                          value=""
                            />
                            <button
                                          className="delete-button"
                                          name="username"
                                          onClick={[Function]}
                            />
              </div>
              <div
                            className="input-container"
              >
                            <input
                                          className="input"
                                          name="email"
                                          onChange={[Function]}
                                          placeholder="Email Address"
                                          type="email"
                                          value=""
                            />
                            <button
                                          className="delete-button"
                                          name="email"
                                          onClick={[Function]}
                            />
              </div>
              <div
                            className="input-container"
              >
                            <input
                                          className="input"
                                          name="passwordOne"
                                          onChange={[Function]}
                                          placeholder="Password"
                                          type="password"
                                          value=""
                            />
                            <button
                                          className="delete-button"
                                          name="paswordOne"
                                          onClick={[Function]}
                            />
              </div>
              <div
                            className="input-container last-input-container"
              >
                            <input
                                          className="input"
                                          name="passwordTwo"
                                          onChange={[Function]}
                                          placeholder="Confirm Password"
                                          type="password"
                                          value=""
                            />
                            <button
                                          className="delete-button"
                                          name="passwordTwo"
                                          onClick={[Function]}
                            />
              </div>
              <button
                            className="button"
                            disabled={true}
                            type="submit"
              >
                            Sign Up
              </button>
</form>,
            <Unknown />,
          ],
          "className": "container",
        },
        "ref": null,
        "rendered": Array [
          Object {
            "instance": null,
            "key": undefined,
            "nodeType": "host",
            "props": Object {
              "children": Array [
                <p
                  className="title"
>
                  Sign Up
</p>,
                <div
                  className="input-container"
>
                  <input
                                    className="input"
                                    name="username"
                                    onChange={[Function]}
                                    placeholder="Full Name"
                                    type="text"
                                    value=""
                  />
                  <button
                                    className="delete-button"
                                    name="username"
                                    onClick={[Function]}
                  />
</div>,
                <div
                  className="input-container"
>
                  <input
                                    className="input"
                                    name="email"
                                    onChange={[Function]}
                                    placeholder="Email Address"
                                    type="email"
                                    value=""
                  />
                  <button
                                    className="delete-button"
                                    name="email"
                                    onClick={[Function]}
                  />
</div>,
                <div
                  className="input-container"
>
                  <input
                                    className="input"
                                    name="passwordOne"
                                    onChange={[Function]}
                                    placeholder="Password"
                                    type="password"
                                    value=""
                  />
                  <button
                                    className="delete-button"
                                    name="paswordOne"
                                    onClick={[Function]}
                  />
</div>,
                <div
                  className="input-container last-input-container"
>
                  <input
                                    className="input"
                                    name="passwordTwo"
                                    onChange={[Function]}
                                    placeholder="Confirm Password"
                                    type="password"
                                    value=""
                  />
                  <button
                                    className="delete-button"
                                    name="passwordTwo"
                                    onClick={[Function]}
                  />
</div>,
                <button
                  className="button"
                  disabled={true}
                  type="submit"
>
                  Sign Up
</button>,
                null,
              ],
              "className": "form",
              "onSubmit": [Function],
            },
            "ref": null,
            "rendered": Array [
              Object {
                "instance": null,
                "key": undefined,
                "nodeType": "host",
                "props": Object {
                  "children": "Sign Up",
                  "className": "title",
                },
                "ref": null,
                "rendered": "Sign Up",
                "type": "p",
              },
              Object {
                "instance": null,
                "key": undefined,
                "nodeType": "host",
                "props": Object {
                  "children": Array [
                    <input
                      className="input"
                      name="username"
                      onChange={[Function]}
                      placeholder="Full Name"
                      type="text"
                      value=""
/>,
                    <button
                      className="delete-button"
                      name="username"
                      onClick={[Function]}
/>,
                  ],
                  "className": "input-container",
                },
                "ref": null,
                "rendered": Array [
                  Object {
                    "instance": null,
                    "key": undefined,
                    "nodeType": "host",
                    "props": Object {
                      "className": "input",
                      "name": "username",
                      "onChange": [Function],
                      "placeholder": "Full Name",
                      "type": "text",
                      "value": "",
                    },
                    "ref": null,
                    "rendered": null,
                    "type": "input",
                  },
                  Object {
                    "instance": null,
                    "key": undefined,
                    "nodeType": "host",
                    "props": Object {
                      "className": "delete-button",
                      "name": "username",
                      "onClick": [Function],
                    },
                    "ref": null,
                    "rendered": null,
                    "type": "button",
                  },
                ],
                "type": "div",
              },
              Object {
                "instance": null,
                "key": undefined,
                "nodeType": "host",
                "props": Object {
                  "children": Array [
                    <input
                      className="input"
                      name="email"
                      onChange={[Function]}
                      placeholder="Email Address"
                      type="email"
                      value=""
/>,
                    <button
                      className="delete-button"
                      name="email"
                      onClick={[Function]}
/>,
                  ],
                  "className": "input-container",
                },
                "ref": null,
                "rendered": Array [
                  Object {
                    "instance": null,
                    "key": undefined,
                    "nodeType": "host",
                    "props": Object {
                      "className": "input",
                      "name": "email",
                      "onChange": [Function],
                      "placeholder": "Email Address",
                      "type": "email",
                      "value": "",
                    },
                    "ref": null,
                    "rendered": null,
                    "type": "input",
                  },
                  Object {
                    "instance": null,
                    "key": undefined,
                    "nodeType": "host",
                    "props": Object {
                      "className": "delete-button",
                      "name": "email",
                      "onClick": [Function],
                    },
                    "ref": null,
                    "rendered": null,
                    "type": "button",
                  },
                ],
                "type": "div",
              },
              Object {
                "instance": null,
                "key": undefined,
                "nodeType": "host",
                "props": Object {
                  "children": Array [
                    <input
                      className="input"
                      name="passwordOne"
                      onChange={[Function]}
                      placeholder="Password"
                      type="password"
                      value=""
/>,
                    <button
                      className="delete-button"
                      name="paswordOne"
                      onClick={[Function]}
/>,
                  ],
                  "className": "input-container",
                },
                "ref": null,
                "rendered": Array [
                  Object {
                    "instance": null,
                    "key": undefined,
                    "nodeType": "host",
                    "props": Object {
                      "className": "input",
                      "name": "passwordOne",
                      "onChange": [Function],
                      "placeholder": "Password",
                      "type": "password",
                      "value": "",
                    },
                    "ref": null,
                    "rendered": null,
                    "type": "input",
                  },
                  Object {
                    "instance": null,
                    "key": undefined,
                    "nodeType": "host",
                    "props": Object {
                      "className": "delete-button",
                      "name": "paswordOne",
                      "onClick": [Function],
                    },
                    "ref": null,
                    "rendered": null,
                    "type": "button",
                  },
                ],
                "type": "div",
              },
              Object {
                "instance": null,
                "key": undefined,
                "nodeType": "host",
                "props": Object {
                  "children": Array [
                    <input
                      className="input"
                      name="passwordTwo"
                      onChange={[Function]}
                      placeholder="Confirm Password"
                      type="password"
                      value=""
/>,
                    <button
                      className="delete-button"
                      name="passwordTwo"
                      onClick={[Function]}
/>,
                  ],
                  "className": "input-container last-input-container",
                },
                "ref": null,
                "rendered": Array [
                  Object {
                    "instance": null,
                    "key": undefined,
                    "nodeType": "host",
                    "props": Object {
                      "className": "input",
                      "name": "passwordTwo",
                      "onChange": [Function],
                      "placeholder": "Confirm Password",
                      "type": "password",
                      "value": "",
                    },
                    "ref": null,
                    "rendered": null,
                    "type": "input",
                  },
                  Object {
                    "instance": null,
                    "key": undefined,
                    "nodeType": "host",
                    "props": Object {
                      "className": "delete-button",
                      "name": "passwordTwo",
                      "onClick": [Function],
                    },
                    "ref": null,
                    "rendered": null,
                    "type": "button",
                  },
                ],
                "type": "div",
              },
              Object {
                "instance": null,
                "key": undefined,
                "nodeType": "host",
                "props": Object {
                  "children": "Sign Up",
                  "className": "button",
                  "disabled": true,
                  "type": "submit",
                },
                "ref": null,
                "rendered": "Sign Up",
                "type": "button",
              },
              null,
            ],
            "type": "form",
          },
          Object {
            "instance": null,
            "key": undefined,
            "nodeType": "function",
            "props": Object {},
            "ref": null,
            "rendered": null,
            "type": [Function],
          },
        ],
        "type": "div",
      },
      "type": "div",
    },
  ],
  Symbol(enzyme.__options__): Object {
    "adapter": ReactSixteenAdapter {
      "options": Object {
        "enableComponentDidUpdateOnSetState": true,
        "lifecycles": Object {
          "componentDidUpdate": Object {
            "onSetState": true,
          },
          "getDerivedStateFromProps": true,
          "getSnapshotBeforeUpdate": true,
          "setState": Object {
            "skipsComponentDidUpdateOnNullish": true,
          },
        },
      },
    },
    "attachTo": undefined,
    "hydrateIn": undefined,
  },
}
`;
